// Jest Snapshot v1, https://goo.gl/fbAQLP

exports[`matches snapshot 1`] = `
<div>
  <div
    class="main-container"
  >
    <form
      class="filter-form"
    >
      <input
        autocomplete="off"
        for="name"
        label="name"
        name="name"
        placeholder="Search by name"
        value=""
      />
      <input
        autocomplete="off"
        for="tag"
        label="tag"
        name="tag"
        placeholder="Search by tag"
        value=""
      />
    </form>
    <div
      class="student-card"
    >
      <div
        class="profile-pic"
      >
        <img
          alt="user1 user1"
          src="https://as1.ftcdn.net/jpg/03/46/83/96/500_F_346839683_6nAPzbhpSkIpb8pmAwufkC7c5eD7wYws.jpg"
        />
      </div>
      <div
        class="student-info"
      >
        <h1>
          USER1 USER1
        </h1>
        <div
          class="details"
        >
          <h4
            class="student-email"
          >
            Email: 
            user1@domain.com
          </h4>
          <h4
            class="student-company"
          >
            Company: 
            Google
          </h4>
          <h4
            class="student-skill"
          >
            Skill: 
            JS
          </h4>
          <h4
            class="student-average-score"
          >
            Average: 
            50
            %
          </h4>
          <ul
            class="hidden"
          >
            <li>
              Test 
              1
              :
              <span>
                0
                %
              </span>
            </li>
            <li>
              Test 
              2
              :
              <span>
                100
                %
              </span>
            </li>
          </ul>
          <div
            class="tags-container"
          >
            <div
              class="tag-icons"
            >
              <div
                class="tag"
              >
                 
                tag1
              </div>
              <div
                class="tag"
              >
                 
                tag2
              </div>
              <div
                class="tag"
              >
                 
                tag3
              </div>
            </div>
            <form>
              <input
                autocomplete="off"
                class="tag-form"
                name="addTag"
                placeholder="Add a tag"
                type="text"
                value=""
              />
            </form>
          </div>
        </div>
      </div>
      <button>
        +
      </button>
    </div>
    <div
      class="student-card"
    >
      <div
        class="profile-pic"
      >
        <img
          alt="user2 user2"
          src="https://as1.ftcdn.net/jpg/03/46/83/96/500_F_346839683_6nAPzbhpSkIpb8pmAwufkC7c5eD7wYws.jpg"
        />
      </div>
      <div
        class="student-info"
      >
        <h1>
          USER2 USER2
        </h1>
        <div
          class="details"
        >
          <h4
            class="student-email"
          >
            Email: 
            user2@domain.com
          </h4>
          <h4
            class="student-company"
          >
            Company: 
            Google
          </h4>
          <h4
            class="student-skill"
          >
            Skill: 
            JS
          </h4>
          <h4
            class="student-average-score"
          >
            Average: 
            0
            %
          </h4>
          <ul
            class="hidden"
          >
            <li>
              Test 
              1
              :
              <span>
                0
                %
              </span>
            </li>
            <li>
              Test 
              2
              :
              <span>
                0
                %
              </span>
            </li>
            <li>
              Test 
              3
              :
              <span>
                0
                %
              </span>
            </li>
          </ul>
          <div
            class="tags-container"
          >
            <form>
              <input
                autocomplete="off"
                class="tag-form"
                name="addTag"
                placeholder="Add a tag"
                type="text"
                value=""
              />
            </form>
          </div>
        </div>
      </div>
      <button>
        +
      </button>
    </div>
  </div>
</div>
`;
